// Jest Snapshot v1, https://goo.gl/fbAQLP

exports[`App component should match snapshot 1`] = `<Fragment />`;

exports[`App component should match snapshot with children 1`] = `
<Fragment>
  <div />
</Fragment>
`;
