// Jest Snapshot v1, https://goo.gl/fbAQLP

exports[`Visualization component should match snapshot 1`] = `
<Spin
  size="default"
  spinning={true}
  wrapperClassName=""
>
  <Component />
  <Component
    height={768}
    width={1024}
  />
</Spin>
`;
